找不到有效的文件系统超级块Bad magic number in super-block



在Centos7系统下使用dumpe2fs查看文件系统查不到对应的超级块



```javascript
[root@bogon ~]# dumpe2fs -h /dev/sda2
dumpe2fs 1.42.9 (28-Dec-2013)
dumpe2fs: Bad magic number in super-block 当尝试打开 /dev/sda2 时
找不到有效的文件系统超级块.

```



原因是Centos7默认安装的文件系统是XFS类型而不是ext2/ext3/ext4，它是一种高性能的日志文件系统。



对于XFS，使用dumpe2fs命令是找不到对应的超级块；



# 1、可以使用xfs_info来查看分区信息

```javascript
[root@bogon ~]# xfs_info /dev/sda1
meta-data=/dev/sda1              isize=512    agcount=4, agsize=65536 blks
         =                       sectsz=512   attr=2, projid32bit=1
         =                       crc=1        finobt=0 spinodes=0
data     =                       bsize=4096   blocks=262144, imaxpct=25
         =                       sunit=0      swidth=0 blks
naming   =version 2              bsize=4096   ascii-ci=0 ftype=1
log      =internal               bsize=4096   blocks=2560, version=2
         =                       sectsz=512   sunit=0 blks, lazy-count=1
realtime =none                   extsz=4096   blocks=0, rtextents=0

```

# 2、用 xfs_growfs来查看文件系统信息

```javascript
[root@bogon ~]# xfs_growfs  /dev/sda1
meta-data=/dev/sda1              isize=512    agcount=4, agsize=65536 blks
         =                       sectsz=512   attr=2, projid32bit=1
         =                       crc=1        finobt=0 spinodes=0
data     =                       bsize=4096   blocks=262144, imaxpct=25
         =                       sunit=0      swidth=0 blks
naming   =version 2              bsize=4096   ascii-ci=0 ftype=1
log      =internal               bsize=4096   blocks=2560, version=2
         =                       sectsz=512   sunit=0 blks, lazy-count=1
realtime =none                   extsz=4096   blocks=0, rtextents=0
[root@bogon ~]# 

```

